
Memory Configuration

Name             Origin             Length             Attributes
FLASH            0x00000000         0x00020000         xr
SRAM             0x20000000         0x00005000         xrw
*default*        0x00000000         0xffffffff

Linker script and memory map


.text           0x00000000      0x13c
 *(.vectors*)
 .vectors       0x00000000       0x10 startup.o
                0x00000000                g_p_fn_vectors
 *(.text*)
 .text          0x00000010       0x90 main.o
                0x00000010                main
 .text          0x000000a0       0x9c startup.o
                0x000000a0                NMI_Handler
                0x000000a0                Default_Handler
                0x000000a0                H_Fault_handler
                0x000000b2                Reset_Handler
 *(.rodata)
                0x0000013c                _E_text = .

.glue_7         0x0000013c        0x0
 .glue_7        0x0000013c        0x0 linker stubs

.glue_7t        0x0000013c        0x0
 .glue_7t       0x0000013c        0x0 linker stubs

.vfp11_veneer   0x0000013c        0x0
 .vfp11_veneer  0x0000013c        0x0 linker stubs

.v4_bx          0x0000013c        0x0
 .v4_bx         0x0000013c        0x0 linker stubs

.iplt           0x0000013c        0x0
 .iplt          0x0000013c        0x0 main.o

.rel.dyn        0x0000013c        0x0
 .rel.iplt      0x0000013c        0x0 main.o

.data           0x20000000        0x0 load address 0x0000013c
                0x20000000                _S_data = .
 *(.data*)
 .data          0x20000000        0x0 main.o
 .data          0x20000000        0x0 startup.o
                0x20000000                . = ALIGN (0x4)
                0x20000000                _E_data = .

.igot.plt       0x20000000        0x0 load address 0x0000013c
 .igot.plt      0x20000000        0x0 main.o

.bss            0x20000000      0x400 load address 0x0000013c
                0x20000000                _S_bss = .
 *(.bss*)
 .bss           0x20000000        0x0 main.o
 .bss           0x20000000      0x400 startup.o
                0x20000400                _E_bss = .
LOAD main.o
LOAD startup.o
OUTPUT(lab3_COORTEX_M4.elf elf32-littlearm)

.debug_info     0x00000000      0x24b
 .debug_info    0x00000000       0xa5 main.o
 .debug_info    0x000000a5      0x1a6 startup.o

.debug_abbrev   0x00000000      0x13a
 .debug_abbrev  0x00000000       0x5c main.o
 .debug_abbrev  0x0000005c       0xde startup.o

.debug_loc      0x00000000       0x9c
 .debug_loc     0x00000000       0x38 main.o
 .debug_loc     0x00000038       0x64 startup.o

.debug_aranges  0x00000000       0x40
 .debug_aranges
                0x00000000       0x20 main.o
 .debug_aranges
                0x00000020       0x20 startup.o

.debug_line     0x00000000       0xcc
 .debug_line    0x00000000       0x64 main.o
 .debug_line    0x00000064       0x68 startup.o

.debug_str      0x00000000      0x15d
 .debug_str     0x00000000       0xd7 main.o
                                0x102 (size before relaxing)
 .debug_str     0x000000d7       0x86 startup.o
                                0x172 (size before relaxing)

.comment        0x00000000       0x7e
 .comment       0x00000000       0x7e main.o
                                 0x7f (size before relaxing)
 .comment       0x0000007e       0x7f startup.o

.ARM.attributes
                0x00000000       0x30
 .ARM.attributes
                0x00000000       0x30 main.o
 .ARM.attributes
                0x00000030       0x30 startup.o

.debug_frame    0x00000000       0x7c
 .debug_frame   0x00000000       0x30 main.o
 .debug_frame   0x00000030       0x4c startup.o
