
Memory Configuration

Name             Origin             Length             Attributes
FLASH            0x0000000008000000 0x0000000000020000 xr
SRAM             0x0000000020000000 0x0000000000005000 xrw
*default*        0x0000000000000000 0xffffffffffffffff

Linker script and memory map


.text           0x0000000008000000      0x138
 *(.vectors*)
 .vectors       0x0000000008000000       0x14 startup.o
                0x0000000008000000                vectors
 *(.text*)
 .text          0x0000000008000014       0x80 main.o
                0x0000000008000014                main
 .text          0x0000000008000094       0xa4 startup.o
                0x0000000008000094                NMI_Handler
                0x0000000008000094                Bus_Handler
                0x0000000008000094                Default_Handler
                0x0000000008000094                H_Fault_handler
                0x00000000080000a6                Reset_Handler
 *(.rodata)
                0x0000000008000138                . = ALIGN (0x4)
                0x0000000008000138                _E_text = .

.glue_7         0x0000000008000138        0x0
 .glue_7        0x0000000008000138        0x0 linker stubs

.glue_7t        0x0000000008000138        0x0
 .glue_7t       0x0000000008000138        0x0 linker stubs

.vfp11_veneer   0x0000000008000138        0x0
 .vfp11_veneer  0x0000000008000138        0x0 linker stubs

.v4_bx          0x0000000008000138        0x0
 .v4_bx         0x0000000008000138        0x0 linker stubs

.iplt           0x0000000008000138        0x0
 .iplt          0x0000000008000138        0x0 main.o

.rel.dyn        0x0000000008000138        0x0
 .rel.iplt      0x0000000008000138        0x0 main.o

.data           0x0000000020000000        0x8 load address 0x0000000008000138
                0x0000000020000000                _S_data = .
 *(.data*)
 .data          0x0000000020000000        0x8 main.o
                0x0000000020000000                R_ODR
                0x0000000020000004                R_CRH
 .data          0x0000000020000008        0x0 startup.o
                0x0000000020000008                . = ALIGN (0x4)
                0x0000000020000008                _E_data = .

.igot.plt       0x0000000020000008        0x0 load address 0x0000000008000140
 .igot.plt      0x0000000020000008        0x0 main.o

.bss            0x0000000020000008     0x1000 load address 0x0000000008000140
                0x0000000020000008                _S_bss = .
 *(.bss*)
 .bss           0x0000000020000008        0x0 main.o
 .bss           0x0000000020000008        0x0 startup.o
                0x0000000020000008                . = ALIGN (0x4)
                0x0000000020000008                _E_bss = .
                0x0000000020001008                . = (. + 0x1000)
 *fill*         0x0000000020000008     0x1000 
                0x0000000020001008                Stack_top = .
LOAD main.o
LOAD startup.o
OUTPUT(lab2.elf elf32-littlearm)

.debug_info     0x0000000000000000      0x347
 .debug_info    0x0000000000000000      0x1b6 main.o
 .debug_info    0x00000000000001b6      0x191 startup.o

.debug_abbrev   0x0000000000000000      0x1b6
 .debug_abbrev  0x0000000000000000       0xde main.o
 .debug_abbrev  0x00000000000000de       0xd8 startup.o

.debug_loc      0x0000000000000000       0x9c
 .debug_loc     0x0000000000000000       0x38 main.o
 .debug_loc     0x0000000000000038       0x64 startup.o

.debug_aranges  0x0000000000000000       0x40
 .debug_aranges
                0x0000000000000000       0x20 main.o
 .debug_aranges
                0x0000000000000020       0x20 startup.o

.debug_line     0x0000000000000000      0x26c
 .debug_line    0x0000000000000000       0x69 main.o
 .debug_line    0x0000000000000069      0x203 startup.o

.debug_str      0x0000000000000000      0x1a0
 .debug_str     0x0000000000000000      0x116 main.o
                                        0x12f (size before relaxing)
 .debug_str     0x0000000000000116       0x8a startup.o
                                        0x17a (size before relaxing)

.comment        0x0000000000000000       0x7b
 .comment       0x0000000000000000       0x7b main.o
                                         0x7c (size before relaxing)
 .comment       0x000000000000007b       0x7c startup.o

.ARM.attributes
                0x0000000000000000       0x30
 .ARM.attributes
                0x0000000000000000       0x30 main.o
 .ARM.attributes
                0x0000000000000030       0x30 startup.o

.debug_frame    0x0000000000000000       0x7c
 .debug_frame   0x0000000000000000       0x30 main.o
 .debug_frame   0x0000000000000030       0x4c startup.o
