
Memory Configuration

Name             Origin             Length             Attributes
FLASH            0x00000000         0x00020000         xr
SRAM             0x20000000         0x00005000         xrw
*default*        0x00000000         0xffffffff

Linker script and memory map


.text           0x00000000      0x1a0
 *(.vectors*)
 .vectors       0x00000000       0x10 startup.o
                0x00000000                g_p_fn_vectors
 *(.text*)
 .text          0x00000010       0xf4 main.o
                0x00000010                _sbrk
                0x00000068                main
 .text          0x00000104       0x9c startup.o
                0x00000104                NMI_Handler
                0x00000104                Default_Handler
                0x00000104                H_Fault_handler
                0x00000116                Reset_Handler
 *(.rodata)
                0x000001a0                _E_text = .

.glue_7         0x000001a0        0x0
 .glue_7        0x000001a0        0x0 linker stubs

.glue_7t        0x000001a0        0x0
 .glue_7t       0x000001a0        0x0 linker stubs

.vfp11_veneer   0x000001a0        0x0
 .vfp11_veneer  0x000001a0        0x0 linker stubs

.v4_bx          0x000001a0        0x0
 .v4_bx         0x000001a0        0x0 linker stubs

.iplt           0x000001a0        0x0
 .iplt          0x000001a0        0x0 main.o

.rel.dyn        0x000001a0        0x0
 .rel.iplt      0x000001a0        0x0 main.o

.data           0x20000000        0x0 load address 0x000001a0
                0x20000000                _S_data = .
 *(.data*)
 .data          0x20000000        0x0 main.o
 .data          0x20000000        0x0 startup.o
                0x20000000                . = ALIGN (0x4)
                0x20000000                _E_data = .

.igot.plt       0x20000000        0x0 load address 0x000001a0
 .igot.plt      0x20000000        0x0 main.o

.bss            0x20000000     0x2404 load address 0x000001a0
                0x20000000                _S_bss = .
 *(.bss)
 .bss           0x20000000        0x4 main.o
 .bss           0x20000004      0x400 startup.o
 *(.bss.*)
                0x20000404                . = ALIGN (0x4)
                0x20000404                _E_bss = .
                0x20001404                . = (. + 0x1000)
 *fill*         0x20000404     0x1000 
                0x20001404                _E_heap = .
                0x20002404                . = (. + 0x1000)
 *fill*         0x20001404     0x1000 
                0x20002404                Stack_top = .
LOAD main.o
LOAD startup.o
OUTPUT(lab3_COORTEX_M4.elf elf32-littlearm)

.debug_info     0x00000000      0xbe9
 .debug_info    0x00000000      0xa36 main.o
 .debug_info    0x00000a36      0x1b3 startup.o

.debug_abbrev   0x00000000      0x2b9
 .debug_abbrev  0x00000000      0x1db main.o
 .debug_abbrev  0x000001db       0xde startup.o

.debug_loc      0x00000000       0xd4
 .debug_loc     0x00000000       0x70 main.o
 .debug_loc     0x00000070       0x64 startup.o

.debug_aranges  0x00000000       0x40
 .debug_aranges
                0x00000000       0x20 main.o
 .debug_aranges
                0x00000020       0x20 startup.o

.debug_line     0x00000000      0x21e
 .debug_line    0x00000000      0x1b6 main.o
 .debug_line    0x000001b6       0x68 startup.o

.debug_str      0x00000000      0x545
 .debug_str     0x00000000      0x4c6 main.o
                                0x53a (size before relaxing)
 .debug_str     0x000004c6       0x7f startup.o
                                0x181 (size before relaxing)

.comment        0x00000000       0x7e
 .comment       0x00000000       0x7e main.o
                                 0x7f (size before relaxing)
 .comment       0x0000007e       0x7f startup.o

.ARM.attributes
                0x00000000       0x30
 .ARM.attributes
                0x00000000       0x30 main.o
 .ARM.attributes
                0x00000030       0x30 startup.o

.debug_frame    0x00000000       0x9c
 .debug_frame   0x00000000       0x50 main.o
 .debug_frame   0x00000050       0x4c startup.o
