
Allocating common symbols
Common symbol       size              file

Alogrithm_state_id  0x1               Algorithm.o
Acutator_state_id   0x1               alarm_acutator.o
P_next_state        0x4               pressure_sensor.o
Acutator_next_state
                    0x4               alarm_acutator.o
Alogrithm_next_state
                    0x4               Algorithm.o
Alarm_next_state    0x4               alarm_monitor.o
pressure_state_id   0x1               main.o
Alarm_state_id      0x1               alarm_monitor.o

Memory Configuration

Name             Origin             Length             Attributes
FLASH            0x08000000         0x00020000         xr
SRAM             0x20000000         0x00005000         xrw
*default*        0x00000000         0xffffffff

Linker script and memory map


.text           0x08000000      0x46c
 *(.vectors*)
 .vectors       0x08000000       0x10 startup.o
                0x08000000                g_p_fn_vectors
 *(.text*)
 .text          0x08000010       0xd0 alarm_acutator.o
                0x08000010                startAlarm
                0x0800002c                stopAlarm
                0x08000048                ST_Acutator_init
                0x08000070                ST_Acutator_waiting
                0x08000088                ST_Acutator_ON
                0x080000b4                ST_Acutator_OFF
 .text          0x080000e0       0x98 alarm_monitor.o
                0x080000e0                HighPressure_Detected
                0x080000fc                ST_Alarm_OFF
                0x08000118                ST_Alarm_ON
                0x08000144                ST_Alarm_waiting
 .text          0x08000178       0x6c Algorithm.o
                0x08000178                pressure_set_value
                0x080001a4                ST_Detect_High_Pressure
 .text          0x080001e4       0xe0 driver.o
                0x080001e4                Delay
                0x08000206                getPressureVal
                0x08000224                Set_Alarm_actuator
                0x08000268                GPIO_INITIALIZATION
 .text          0x080002c4       0x80 main.o
                0x080002c4                setup
                0x08000304                main
 .text          0x08000344       0x8c pressure_sensor.o
                0x08000344                pressure_init
                0x08000360                ST_P_reading
                0x080003a0                ST_P_waiting
 .text          0x080003d0       0x9c startup.o
                0x080003d0                NMI_Handler
                0x080003d0                Default_Handler
                0x080003d0                H_Fault_handler
                0x080003e2                Reset_Handler
 *(.rodata)
                0x0800046c                _E_text = .

.glue_7         0x0800046c        0x0
 .glue_7        0x0800046c        0x0 linker stubs

.glue_7t        0x0800046c        0x0
 .glue_7t       0x0800046c        0x0 linker stubs

.vfp11_veneer   0x0800046c        0x0
 .vfp11_veneer  0x0800046c        0x0 linker stubs

.v4_bx          0x0800046c        0x0
 .v4_bx         0x0800046c        0x0 linker stubs

.iplt           0x0800046c        0x0
 .iplt          0x0800046c        0x0 alarm_acutator.o

.rel.dyn        0x0800046c        0x0
 .rel.iplt      0x0800046c        0x0 alarm_acutator.o

.data           0x0800046c        0x4
                0x0800046c                _S_data = .
 *(.data*)
 .data          0x0800046c        0x0 alarm_acutator.o
 .data          0x0800046c        0x0 alarm_monitor.o
 .data          0x0800046c        0x4 Algorithm.o
                0x0800046c                pressure_Threshold
 .data          0x08000470        0x0 driver.o
 .data          0x08000470        0x0 main.o
 .data          0x08000470        0x0 pressure_sensor.o
 .data          0x08000470        0x0 startup.o
                0x08000470                . = ALIGN (0x4)
                0x08000470                _E_data = .

.igot.plt       0x08000470        0x0
 .igot.plt      0x08000470        0x0 alarm_acutator.o

.bss            0x20000000     0x1428
                0x20000000                _S_bss = .
 *(.bss*)
 .bss           0x20000000        0x0 alarm_acutator.o
 .bss           0x20000000        0x0 alarm_monitor.o
 .bss           0x20000000        0x4 Algorithm.o
                0x20000000                G_pressureVal
 .bss           0x20000004        0x0 driver.o
 .bss           0x20000004        0x0 main.o
 .bss           0x20000004        0x4 pressure_sensor.o
                0x20000004                pVal
 .bss           0x20000008      0x400 startup.o
                0x20000408                _E_bss = .
                0x20001408                . = (. + 0x1000)
 *fill*         0x20000408     0x1000 
                0x20001408                Stack_top = .
 COMMON         0x20001408        0x8 alarm_acutator.o
                0x20001408                Acutator_state_id
                0x2000140c                Acutator_next_state
 COMMON         0x20001410        0x5 alarm_monitor.o
                0x20001410                Alarm_next_state
                0x20001414                Alarm_state_id
 *fill*         0x20001415        0x3 
 COMMON         0x20001418        0x8 Algorithm.o
                0x20001418                Alogrithm_state_id
                0x2000141c                Alogrithm_next_state
 COMMON         0x20001420        0x1 main.o
                0x20001420                pressure_state_id
 *fill*         0x20001421        0x3 
 COMMON         0x20001424        0x4 pressure_sensor.o
                0x20001424                P_next_state
LOAD alarm_acutator.o
LOAD alarm_monitor.o
LOAD Algorithm.o
LOAD driver.o
LOAD main.o
LOAD pressure_sensor.o
LOAD startup.o
OUTPUT(Project1.elf elf32-littlearm)

.debug_info     0x00000000     0x3f39
 .debug_info    0x00000000      0xa5f alarm_acutator.o
 .debug_info    0x00000a5f      0xa2f alarm_monitor.o
 .debug_info    0x0000148e      0xa2d Algorithm.o
 .debug_info    0x00001ebb      0xa05 driver.o
 .debug_info    0x000028c0      0xaae main.o
 .debug_info    0x0000336e      0xa25 pressure_sensor.o
 .debug_info    0x00003d93      0x1a6 startup.o

.debug_abbrev   0x00000000      0xc27
 .debug_abbrev  0x00000000      0x1e1 alarm_acutator.o
 .debug_abbrev  0x000001e1      0x1e1 alarm_monitor.o
 .debug_abbrev  0x000003c2      0x1f2 Algorithm.o
 .debug_abbrev  0x000005b4      0x1de driver.o
 .debug_abbrev  0x00000792      0x1d8 main.o
 .debug_abbrev  0x0000096a      0x1df pressure_sensor.o
 .debug_abbrev  0x00000b49       0xde startup.o

.debug_loc      0x00000000      0x424
 .debug_loc     0x00000000      0x108 alarm_acutator.o
 .debug_loc     0x00000108       0xb0 alarm_monitor.o
 .debug_loc     0x000001b8       0x64 Algorithm.o
 .debug_loc     0x0000021c       0xc8 driver.o
 .debug_loc     0x000002e4       0x58 main.o
 .debug_loc     0x0000033c       0x84 pressure_sensor.o
 .debug_loc     0x000003c0       0x64 startup.o

.debug_aranges  0x00000000       0xe0
 .debug_aranges
                0x00000000       0x20 alarm_acutator.o
 .debug_aranges
                0x00000020       0x20 alarm_monitor.o
 .debug_aranges
                0x00000040       0x20 Algorithm.o
 .debug_aranges
                0x00000060       0x20 driver.o
 .debug_aranges
                0x00000080       0x20 main.o
 .debug_aranges
                0x000000a0       0x20 pressure_sensor.o
 .debug_aranges
                0x000000c0       0x20 startup.o

.debug_line     0x00000000      0xa9f
 .debug_line    0x00000000      0x1af alarm_acutator.o
 .debug_line    0x000001af      0x1a7 alarm_monitor.o
 .debug_line    0x00000356      0x198 Algorithm.o
 .debug_line    0x000004ee      0x1b9 driver.o
 .debug_line    0x000006a7      0x1e8 main.o
 .debug_line    0x0000088f      0x1a8 pressure_sensor.o
 .debug_line    0x00000a37       0x68 startup.o

.debug_str      0x00000000      0x751
 .debug_str     0x00000000      0x514 alarm_acutator.o
                                0x5b0 (size before relaxing)
 .debug_str     0x00000514       0x70 alarm_monitor.o
                                0x579 (size before relaxing)
 .debug_str     0x00000584       0x85 Algorithm.o
                                0x582 (size before relaxing)
 .debug_str     0x00000609       0x57 driver.o
                                0x53e (size before relaxing)
 .debug_str     0x00000660       0x31 main.o
                                0x609 (size before relaxing)
 .debug_str     0x00000691       0x3a pressure_sensor.o
                                0x55a (size before relaxing)
 .debug_str     0x000006cb       0x86 startup.o
                                0x177 (size before relaxing)

.comment        0x00000000       0x7e
 .comment       0x00000000       0x7e alarm_acutator.o
                                 0x7f (size before relaxing)
 .comment       0x0000007e       0x7f alarm_monitor.o
 .comment       0x0000007e       0x7f Algorithm.o
 .comment       0x0000007e       0x7f driver.o
 .comment       0x0000007e       0x7f main.o
 .comment       0x0000007e       0x7f pressure_sensor.o
 .comment       0x0000007e       0x7f startup.o

.ARM.attributes
                0x00000000       0x30
 .ARM.attributes
                0x00000000       0x30 alarm_acutator.o
 .ARM.attributes
                0x00000030       0x30 alarm_monitor.o
 .ARM.attributes
                0x00000060       0x30 Algorithm.o
 .ARM.attributes
                0x00000090       0x30 driver.o
 .ARM.attributes
                0x000000c0       0x30 main.o
 .ARM.attributes
                0x000000f0       0x30 pressure_sensor.o
 .ARM.attributes
                0x00000120       0x30 startup.o

.debug_frame    0x00000000      0x304
 .debug_frame   0x00000000       0xb8 alarm_acutator.o
 .debug_frame   0x000000b8       0x80 alarm_monitor.o
 .debug_frame   0x00000138       0x4c Algorithm.o
 .debug_frame   0x00000184       0x88 driver.o
 .debug_frame   0x0000020c       0x48 main.o
 .debug_frame   0x00000254       0x64 pressure_sensor.o
 .debug_frame   0x000002b8       0x4c startup.o
